// Jest Snapshot v1, https://goo.gl/fbAQLP

exports[`login page loads and displays login page 1`] = `
<DocumentFragment>
  <main
    class="MuiContainer-root MuiContainer-maxWidthXs"
  >
    <div
      class="MuiPaper-root MuiCard-root makeStyles-card-2 MuiPaper-outlined MuiPaper-rounded"
    >
      <div
        class="MuiCardContent-root"
      >
        <h1
          class="MuiTypography-root makeStyles-title-3 MuiTypography-h5"
        >
          TeleNavigation 2.0
        </h1>
        <h2
          class="MuiTypography-root makeStyles-signIn-5 MuiTypography-h5"
        >
          Sign in
        </h2>
        <form
          class="makeStyles-form-4"
          data-testid="formWrapper"
          novalidate=""
        >
          <div
            class="MuiFormControl-root MuiTextField-root MuiFormControl-marginNormal MuiFormControl-fullWidth"
          >
            <label
              class="MuiFormLabel-root MuiInputLabel-root MuiInputLabel-formControl MuiInputLabel-animated MuiInputLabel-outlined Mui-required Mui-required"
              data-shrink="false"
              for="username"
              id="username-label"
            >
              Username
              <span
                aria-hidden="true"
                class="MuiFormLabel-asterisk MuiInputLabel-asterisk"
              >
                 *
              </span>
            </label>
            <div
              class="MuiInputBase-root MuiOutlinedInput-root MuiInputBase-fullWidth MuiInputBase-formControl"
            >
              <input
                aria-invalid="false"
                autocomplete="username"
                class="MuiInputBase-input MuiOutlinedInput-input"
                data-testid="username"
                id="username"
                name="username"
                required=""
                type="text"
                value=""
              />
              <fieldset
                aria-hidden="true"
                class="PrivateNotchedOutline-root-10 MuiOutlinedInput-notchedOutline"
              >
                <legend
                  class="PrivateNotchedOutline-legendLabelled-12"
                >
                  <span>
                    Username *
                  </span>
                </legend>
              </fieldset>
            </div>
          </div>
          <div
            class="MuiFormControl-root MuiTextField-root MuiFormControl-marginNormal MuiFormControl-fullWidth"
          >
            <label
              class="MuiFormLabel-root MuiInputLabel-root MuiInputLabel-formControl MuiInputLabel-animated MuiInputLabel-outlined Mui-required Mui-required"
              data-shrink="false"
              for="password"
              id="password-label"
            >
              Password
              <span
                aria-hidden="true"
                class="MuiFormLabel-asterisk MuiInputLabel-asterisk"
              >
                 *
              </span>
            </label>
            <div
              class="MuiInputBase-root MuiOutlinedInput-root MuiInputBase-fullWidth MuiInputBase-formControl MuiInputBase-adornedEnd MuiOutlinedInput-adornedEnd"
            >
              <input
                aria-invalid="false"
                autocomplete="current-password"
                class="MuiInputBase-input MuiOutlinedInput-input MuiInputBase-inputAdornedEnd MuiOutlinedInput-inputAdornedEnd"
                data-testid="password"
                id="password"
                name="password"
                required=""
                type="password"
                value=""
              />
              <div
                class="MuiInputAdornment-root MuiInputAdornment-positionEnd"
              >
                <button
                  aria-label="toggle password visibility"
                  class="MuiButtonBase-root MuiIconButton-root MuiIconButton-edgeEnd"
                  tabindex="0"
                  type="button"
                >
                  <span
                    class="MuiIconButton-label"
                  >
                    <svg
                      aria-hidden="true"
                      class="MuiSvgIcon-root"
                      focusable="false"
                      viewBox="0 0 24 24"
                    >
                      <path
                        d="M12 4.5C7 4.5 2.73 7.61 1 12c1.73 4.39 6 7.5 11 7.5s9.27-3.11 11-7.5c-1.73-4.39-6-7.5-11-7.5zM12 17c-2.76 0-5-2.24-5-5s2.24-5 5-5 5 2.24 5 5-2.24 5-5 5zm0-8c-1.66 0-3 1.34-3 3s1.34 3 3 3 3-1.34 3-3-1.34-3-3-3z"
                      />
                    </svg>
                  </span>
                  <span
                    class="MuiTouchRipple-root"
                  />
                </button>
              </div>
              <fieldset
                aria-hidden="true"
                class="PrivateNotchedOutline-root-10 MuiOutlinedInput-notchedOutline"
              >
                <legend
                  class="PrivateNotchedOutline-legendLabelled-12"
                >
                  <span>
                    Password *
                  </span>
                </legend>
              </fieldset>
            </div>
          </div>
          <div
            class="MuiBox-root MuiBox-root-14"
          >
            <p
              class="MuiTypography-root makeStyles-errorMessage-9 MuiTypography-body1"
            />
          </div>
          <button
            class="MuiButtonBase-root MuiButton-root MuiButton-contained makeStyles-submitBtn-6 Mui-disabled MuiButton-fullWidth Mui-disabled"
            data-testid="loginButton"
            disabled=""
            style="background-color: rgb(68, 145, 224);"
            tabindex="-1"
            type="submit"
          >
            <span
              class="MuiButton-label"
            >
              LOGIN
            </span>
          </button>
          <div
            class="MuiGrid-root MuiGrid-container"
          >
            <div
              class="MuiGrid-root MuiGrid-item MuiGrid-grid-xs-true"
            >
              <a
                class="MuiTypography-root MuiLink-root MuiLink-underlineHover makeStyles-forgotPassword-8 MuiTypography-body2 MuiTypography-colorPrimary"
              >
                Forgot password?
              </a>
            </div>
          </div>
        </form>
      </div>
    </div>
  </main>
</DocumentFragment>
`;
